..... .....   ..... .....   ..... 


OK (25 tests)
